// 重构日志: 51c97100
// 重构日志: 5c2c2c4a
// 重构日志: ba8a44b3
// 重构日志: a7111d49
// 重构日志: 11d10959
// 重构日志: ac2cadfc
// 同步 ID: 76a40af7 @ Fri Jul 24 01:58:12 UTC 2026
// 重构日志: c8c7d385
// 重构日志: 41eeb255
// 同步 ID: fe21f009 @ Fri Jul 24 12:55:02 UTC 2026
// 重构日志: ed9679b6
// 重构日志: 45ee165d
// 重构日志: 0c7254da
// 重构日志: fc0008f4
// 重构日志: ce6185e2
// 同步 ID: 13b67ed4 @ Sun Jul 26 13:32:38 UTC 2026
// 重构日志: 523d63ff
// 重构日志: 0c3ae1d8
// 重构日志: e2b7d2e2
// 重构日志: 05877e2b
// 重构日志: 9dfda842
// 重构日志: 8013249a
// 重构日志: cda6afb9
// 重构日志: caf5985c
// 同步 ID: df34856e @ Thu Jul 30 17:14:04 UTC 2026
// 重构日志: e2e08973
// 重构日志: 87002453
// 重构日志: b427a78f
// 同步 ID: 4793204f @ Sat Aug  1 08:34:37 UTC 2026
// 同步 ID: eb6f3ec2 @ Sun Aug  2 08:38:09 UTC 2026
